**********************
Windows PowerShell 기록 시작
시작 시간: 20250428134548
사용자 이름: KIMBI\Ben
RunAs 사용자: KIMBI\Ben
구성 이름: 
Machine: KIMBI (Microsoft Windows NT 10.0.19045.0)
호스트 응용 프로그램: C:\Windows\System32\WindowsPowerShell\v1.0\powershell.exe
프로세스 ID: 47904
PSVersion: 5.1.19041.5737
PSEdition: Desktop
PSCompatibleVersions: 1.0, 2.0, 3.0, 4.0, 5.0, 5.1.19041.5737
BuildVersion: 10.0.19041.5737
CLRVersion: 4.0.30319.42000
WSManStackVersion: 3.0
PSRemotingProtocolVersion: 2.3
SerializationVersion: 1.1.0.1
**********************
기록이 시작되었습니다. 출력 파일은 C:\nmdose\logs\sync_20250428_134548.log입니다.
Script started for date range 20250103-20250103 and modality NM
Querying studies on NMPACS...
Query completed: found 0 UIDs
No studies to synchronize. Exiting script.
PS C:\Users\Administrator> C:\nmdose\bin\copy_to_orthanc.ps1
기록이 시작되었습니다. 출력 파일은 C:\nmdose\logs\sync_20250428_134650.log입니다.
Script started for date range 20250103-20250103 and modality NM
Querying studies on NMPACS...
Query completed: found 2 UIDs
Starting C-MOVE operations...
Moving study UID: 1.2.410.2000058.82.2.1384.1024015776

Completed move for UID: 1.2.410.2000058.82.2.1384.1024015776

Moving study UID: 1.2.410.2000058.82.2.1384.1024015784

Completed move for UID: 1.2.410.2000058.82.2.1384.1024015784

All C-MOVE requests completed.
기록이 중지되었습니다. 출력 파일은 C:\nmdose\logs\sync_20250428_134650.log입니다.
PS C:\Users\Administrator> C:\nmdose\bin\copy_to_orthanc.ps1
기록이 시작되었습니다. 출력 파일은 C:\nmdose\logs\sync_20250428_142619.log입니다.
Script running for StudyDate=20250101-20250428, Modality=NM
Querying studies on NMPACS...
이 개체에서 'Count' 속성을 찾을 수 없습니다. 해당 속성이 있는지 검증하십시오.
위치 C:\nmdose\bin\copy_to_orthanc.ps1:65 문자:1
+ $total = $uids.Count
+ ~~~~~~~~~~~~~~~~~~~~
    + CategoryInfo          : NotSpecified: (:) [], PropertyNotFoundException
    + FullyQualifiedErrorId : PropertyNotFoundStrict
이 개체에서 'Count' 속성을 찾을 수 없습니다. 해당 속성이 있는지 검증하십시오.
위치 C:\nmdose\bin\copy_to_orthanc.ps1:65 문자:1
+ $total = $uids.Count
+ ~~~~~~~~~~~~~~~~~~~~
    + CategoryInfo          : NotSpecified: (:) [], PropertyNotFoundException
    + FullyQualifiedErrorId : PropertyNotFoundStrict

Found  studies from 20250101 to 20250428.
존재하지 않는 변수에 [ref]을(를) 적용할 수 없습니다.
위치 C:\nmdose\bin\copy_to_orthanc.ps1:76 문자:5
+     $ok = [int]::TryParse($input, [ref]$n)
+     ~~~~~~~~~~~~~~~~~~~~~~~~~~~~~~~~~~~~~~
    + CategoryInfo          : InvalidOperation: (n:VariablePath) [], RuntimeException
    + FullyQualifiedErrorId : NonExistingVariableReference
존재하지 않는 변수에 [ref]을(를) 적용할 수 없습니다.
위치 C:\nmdose\bin\copy_to_orthanc.ps1:76 문자:5
+     $ok = [int]::TryParse($input, [ref]$n)
+     ~~~~~~~~~~~~~~~~~~~~~~~~~~~~~~~~~~~~~~
    + CategoryInfo          : InvalidOperation: (n:VariablePath) [], RuntimeException
    + FullyQualifiedErrorId : NonExistingVariableReference

?щ컮瑜??レ옄瑜??낅젰?섏꽭??
'$ok' 변수는 아직 설정되지 않았으므로 검색할 수 없습니다.
위치 C:\nmdose\bin\copy_to_orthanc.ps1:80 문자:10
+ } until ($ok -and $n -ge 1)
+          ~~~
    + CategoryInfo          : InvalidOperation: (ok:String) [], RuntimeException
    + FullyQualifiedErrorId : VariableIsUndefined
'$ok' 변수는 아직 설정되지 않았으므로 검색할 수 없습니다.
위치 C:\nmdose\bin\copy_to_orthanc.ps1:80 문자:10
+ } until ($ok -and $n -ge 1)
+          ~~~
    + CategoryInfo          : InvalidOperation: (ok:String) [], RuntimeException
    + FullyQualifiedErrorId : VariableIsUndefined

'$n' 변수는 아직 설정되지 않았으므로 검색할 수 없습니다.
위치 C:\nmdose\bin\copy_to_orthanc.ps1:83 문자:5
+ if ($n -gt $total) {
+     ~~
    + CategoryInfo          : InvalidOperation: (n:String) [], RuntimeException
    + FullyQualifiedErrorId : VariableIsUndefined
'$n' 변수는 아직 설정되지 않았으므로 검색할 수 없습니다.
위치 C:\nmdose\bin\copy_to_orthanc.ps1:83 문자:5
+ if ($n -gt $total) {
+     ~~
    + CategoryInfo          : InvalidOperation: (n:String) [], RuntimeException
    + FullyQualifiedErrorId : VariableIsUndefined

'$n' 변수는 아직 설정되지 않았으므로 검색할 수 없습니다.
위치 C:\nmdose\bin\copy_to_orthanc.ps1:88 문자:19
+ $uids = $uids[0..($n - 1)]
+                   ~~
    + CategoryInfo          : InvalidOperation: (n:String) [], RuntimeException
    + FullyQualifiedErrorId : VariableIsUndefined
'$n' 변수는 아직 설정되지 않았으므로 검색할 수 없습니다.
위치 C:\nmdose\bin\copy_to_orthanc.ps1:88 문자:19
+ $uids = $uids[0..($n - 1)]
+                   ~~
    + CategoryInfo          : InvalidOperation: (n:String) [], RuntimeException
    + FullyQualifiedErrorId : VariableIsUndefined

'$n' 변수는 아직 설정되지 않았으므로 검색할 수 없습니다.
위치 C:\nmdose\bin\copy_to_orthanc.ps1:89 문자:28
+ Write-Host "??異붿텧 ??? 泥섏쓬 $n 媛쒖쓽 StudyInstanceUID" -ForegroundColor  ...
+                            ~~
    + CategoryInfo          : InvalidOperation: (n:String) [], RuntimeException
    + FullyQualifiedErrorId : VariableIsUndefined
'$n' 변수는 아직 설정되지 않았으므로 검색할 수 없습니다.
위치 C:\nmdose\bin\copy_to_orthanc.ps1:89 문자:28
+ Write-Host "??異붿텧 ??? 泥섏쓬 $n 媛쒖쓽 StudyInstanceUID" -ForegroundColor  ...
+                            ~~
    + CategoryInfo          : InvalidOperation: (n:String) [], RuntimeException
    + FullyQualifiedErrorId : VariableIsUndefined

Starting C-MOVE operations...
All C-MOVE requests completed.
기록이 중지되었습니다. 출력 파일은 C:\nmdose\logs\sync_20250428_142619.log입니다.
PS C:\Users\Administrator> chcp 65001
Active code page: 65001
PS C:\Users\Administrator> C:\nmdose\bin\copy_to_orthanc.ps1
기록이 시작되었습니다. 출력 파일은 C:\nmdose\logs\sync_20250428_143053.log입니다.
Script running for StudyDate=20250101-20250428, Modality=NM
Querying studies on NMPACS...
이 개체에서 'Count' 속성을 찾을 수 없습니다. 해당 속성이 있는지 검증하십시오.
위치 C:\nmdose\bin\copy_to_orthanc.ps1:65 문자:1
+ $total = $uids.Count
+ ~~~~~~~~~~~~~~~~~~~~
    + CategoryInfo          : NotSpecified: (:) [], PropertyNotFoundException
    + FullyQualifiedErrorId : PropertyNotFoundStrict
이 개체에서 'Count' 속성을 찾을 수 없습니다. 해당 속성이 있는지 검증하십시오.
위치 C:\nmdose\bin\copy_to_orthanc.ps1:65 문자:1
+ $total = $uids.Count
+ ~~~~~~~~~~~~~~~~~~~~
    + CategoryInfo          : NotSpecified: (:) [], PropertyNotFoundException
    + FullyQualifiedErrorId : PropertyNotFoundStrict

Found  studies from 20250101 to 20250428.
존재하지 않는 변수에 [ref]을(를) 적용할 수 없습니다.
위치 C:\nmdose\bin\copy_to_orthanc.ps1:76 문자:5
+     $ok = [int]::TryParse($input, [ref]$n)
+     ~~~~~~~~~~~~~~~~~~~~~~~~~~~~~~~~~~~~~~
    + CategoryInfo          : InvalidOperation: (n:VariablePath) [], RuntimeException
    + FullyQualifiedErrorId : NonExistingVariableReference
존재하지 않는 변수에 [ref]을(를) 적용할 수 없습니다.
위치 C:\nmdose\bin\copy_to_orthanc.ps1:76 문자:5
+     $ok = [int]::TryParse($input, [ref]$n)
+     ~~~~~~~~~~~~~~~~~~~~~~~~~~~~~~~~~~~~~~
    + CategoryInfo          : InvalidOperation: (n:VariablePath) [], RuntimeException
    + FullyQualifiedErrorId : NonExistingVariableReference

?щ컮瑜??レ옄瑜??낅젰?섏꽭??
'$ok' 변수는 아직 설정되지 않았으므로 검색할 수 없습니다.
위치 C:\nmdose\bin\copy_to_orthanc.ps1:80 문자:10
+ } until ($ok -and $n -ge 1)
+          ~~~
    + CategoryInfo          : InvalidOperation: (ok:String) [], RuntimeException
    + FullyQualifiedErrorId : VariableIsUndefined
'$ok' 변수는 아직 설정되지 않았으므로 검색할 수 없습니다.
위치 C:\nmdose\bin\copy_to_orthanc.ps1:80 문자:10
+ } until ($ok -and $n -ge 1)
+          ~~~
    + CategoryInfo          : InvalidOperation: (ok:String) [], RuntimeException
    + FullyQualifiedErrorId : VariableIsUndefined

'$n' 변수는 아직 설정되지 않았으므로 검색할 수 없습니다.
위치 C:\nmdose\bin\copy_to_orthanc.ps1:83 문자:5
+ if ($n -gt $total) {
+     ~~
    + CategoryInfo          : InvalidOperation: (n:String) [], RuntimeException
    + FullyQualifiedErrorId : VariableIsUndefined
'$n' 변수는 아직 설정되지 않았으므로 검색할 수 없습니다.
위치 C:\nmdose\bin\copy_to_orthanc.ps1:83 문자:5
+ if ($n -gt $total) {
+     ~~
    + CategoryInfo          : InvalidOperation: (n:String) [], RuntimeException
    + FullyQualifiedErrorId : VariableIsUndefined

'$n' 변수는 아직 설정되지 않았으므로 검색할 수 없습니다.
위치 C:\nmdose\bin\copy_to_orthanc.ps1:88 문자:19
+ $uids = $uids[0..($n - 1)]
+                   ~~
    + CategoryInfo          : InvalidOperation: (n:String) [], RuntimeException
    + FullyQualifiedErrorId : VariableIsUndefined
'$n' 변수는 아직 설정되지 않았으므로 검색할 수 없습니다.
위치 C:\nmdose\bin\copy_to_orthanc.ps1:88 문자:19
+ $uids = $uids[0..($n - 1)]
+                   ~~
    + CategoryInfo          : InvalidOperation: (n:String) [], RuntimeException
    + FullyQualifiedErrorId : VariableIsUndefined

'$n' 변수는 아직 설정되지 않았으므로 검색할 수 없습니다.
위치 C:\nmdose\bin\copy_to_orthanc.ps1:89 문자:28
+ Write-Host "??異붿텧 ??? 泥섏쓬 $n 媛쒖쓽 StudyInstanceUID" -ForegroundColor  ...
+                            ~~
    + CategoryInfo          : InvalidOperation: (n:String) [], RuntimeException
    + FullyQualifiedErrorId : VariableIsUndefined
'$n' 변수는 아직 설정되지 않았으므로 검색할 수 없습니다.
위치 C:\nmdose\bin\copy_to_orthanc.ps1:89 문자:28
+ Write-Host "??異붿텧 ??? 泥섏쓬 $n 媛쒖쓽 StudyInstanceUID" -ForegroundColor  ...
+                            ~~
    + CategoryInfo          : InvalidOperation: (n:String) [], RuntimeException
    + FullyQualifiedErrorId : VariableIsUndefined

Starting C-MOVE operations...
All C-MOVE requests completed.
기록이 중지되었습니다. 출력 파일은 C:\nmdose\logs\sync_20250428_143053.log입니다.
PS C:\Users\Administrator> C:\nmdose\bin\copy_to_orthanc.ps1
기록이 시작되었습니다. 출력 파일은 C:\nmdose\logs\sync_20250428_143519.log입니다.
Script running for StudyDate=20250101-20250428, Modality=NM
Querying studies on NMPACS...
Found 0 studies from 20250101 to 20250428.
No studies to synchronize. Exiting.
기록이 중지되었습니다. 출력 파일은 C:\nmdose\logs\sync_20250428_143519.log입니다.
